[www.kingshaus.co/index.html]
[backblue.gif]
[fade.gif]
[index.html]
[www.kingshaus.co/_nuxt/image/48c3f9.jpg]
[www.kingshaus.co/favicons/favicon.ico]
[www.kingshaus.co/favicons/favicon.svg]
[www.kingshaus.co/favicons/apple-touch-icon.png]
[www.kingshaus.co/favicons/site.webmanifest]
[www.kingshaus.co/_nuxt/9db9176.js]
[www.kingshaus.co/_nuxt/a75053f.js]
[www.kingshaus.co/_nuxt/css/289ae47.css]
[www.kingshaus.co/_nuxt/8bf7ec7.js]
[www.kingshaus.co/_nuxt/2f18a2c.js]
[www.kingshaus.co/_nuxt/css/86a0448.css]
[www.kingshaus.co/_nuxt/6847afa.js]
[www.kingshaus.co/_nuxt/e247432.js]
[www.kingshaus.co/_nuxt/999ff61.js]
[www.kingshaus.co/_nuxt/ac6c34c.js]
[www.kingshaus.co/_nuxt/0c2fc12.js]
[www.kingshaus.co/_nuxt/static/1744733938/state.js]
[www.kingshaus.co/_nuxt/static/1744733938/payload.js]
[www.kingshaus.co/_nuxt/static/1744733938/manifest.js]
[www.kingshaus.co/_nuxt/image/670a34.jpg]
[www.kingshaus.co/sustainability/index.html]
[www.kingshaus.co/about/index.html]
[www.kingshaus.co/build-smarter/index.html]
[www.kingshaus.co/_nuxt/video/5ef09e.mp4]
[www.kingshaus.co/contact/index.html]
[www.kingshaus.co/_nuxt/image/3479c3.jpg]
[www.kingshaus.co/_nuxt/image/2efde3.jpg]
[www.kingshaus.co/_nuxt/image/e0b2f7.jpg]
[www.kingshaus.co/_nuxt/image/27a463.jpg]
[www.kingshaus.co/_nuxt/image/51010e.jpg]
[www.kingshaus.co/_nuxt/image/cd06cd.jpg]
[www.kingshaus.co/_nuxt/image/59d394.jpg]
[www.kingshaus.co/_nuxt/image/a8ea8d.jpg]
[www.kingshaus.co/_nuxt/image/e3976c.jpg]
[www.kingshaus.co/_nuxt/image/cc0234.jpg]
[www.kingshaus.co/index.html]
[www.kingshaus.co/favicons/favicon.svg]
[www.kingshaus.co/_nuxt/css/a03621a.css]
[www.kingshaus.co/privacy-policy/index.html]
[www.kingshaus.co/fonts/montserrat/montserrat-variable.woff2]
[www.kingshaus.co/_nuxt/css/289ae47.css]
[www.kingshaus.co/fonts/montserrat/montserrat-variable.woff]
[www.kingshaus.co/images/icons/build-smarter-cursor-white.svg]
[www.kingshaus.co/_nuxt/css/86a0448.css]
[www.kingshaus.co/_nuxt/css/0e43387.css]
[www.kingshaus.co/_nuxt/css/233a785.css]
[www.kingshaus.co/_nuxt/f9ca4ff.js]
[www.kingshaus.co/_nuxt/css/23ed1d9.css]
[www.kingshaus.co/_nuxt/b88cb58.js]
[www.kingshaus.co/_nuxt/static/1744733938/build-smarter/state.js]
[www.kingshaus.co/_nuxt/static/1744733938/build-smarter/payload.js]
[www.kingshaus.co/_nuxt/image/bf14a7.jpg]
[www.kingshaus.co/_nuxt/image/c87af6.jpg]
[www.kingshaus.co/_nuxt/image/17e385.jpg]
[www.kingshaus.co/_nuxt/image/920527.jpg]
[www.kingshaus.co/_nuxt/video/0ceeab.mp4]
[www.kingshaus.co/_nuxt/image/6eeccf.jpg]
[www.kingshaus.co/_nuxt/image/d47189.jpg]
[www.kingshaus.co/_nuxt/image/b74d2b.jpg]
[www.kingshaus.co/_nuxt/image/e5cb61.jpg]
[www.kingshaus.co/_nuxt/image/e70201.jpg]
[www.kingshaus.co/_nuxt/image/6ef10f.jpg]
[www.kingshaus.co/_nuxt/image/d2374a.jpg]
[www.kingshaus.co/_nuxt/image/75f9f1.jpg]
[www.kingshaus.co/_nuxt/image/7735db.jpg]
[www.kingshaus.co/_nuxt/image/6a1bf5.jpg]
[www.kingshaus.co/_nuxt/image/0ca151.jpg]
[www.kingshaus.co/build-smarter/index.html]
[www.kingshaus.co/_nuxt/css/17c3937.css]
[www.kingshaus.co/_nuxt/acc4535.js]
[www.kingshaus.co/_nuxt/static/1744733938/sustainability/state.js]
[www.kingshaus.co/_nuxt/static/1744733938/sustainability/payload.js]
[www.kingshaus.co/_nuxt/image/4614a3.jpg]
[www.kingshaus.co/_nuxt/image/7e721b.jpg]
[www.kingshaus.co/_nuxt/image/20a1dd.jpg]
[www.kingshaus.co/_nuxt/image/006601.jpg]
[www.kingshaus.co/_nuxt/image/3fb1a7.jpg]
[www.kingshaus.co/_nuxt/image/9708cd.jpg]
[www.kingshaus.co/_nuxt/image/23cd9a.jpg]
[www.kingshaus.co/_nuxt/image/3d4922.jpg]
[www.kingshaus.co/_nuxt/image/dd756e.png]
[www.kingshaus.co/_nuxt/image/131c05.jpg]
[www.kingshaus.co/_nuxt/image/f8d33a.jpg]
[www.kingshaus.co/sustainability/index.html]
[www.kingshaus.co/_nuxt/css/e64d961.css]
[www.kingshaus.co/_nuxt/0da40eb.js]
[www.kingshaus.co/_nuxt/css/9973e9b.css]
[www.kingshaus.co/_nuxt/cdfafbc.js]
[www.kingshaus.co/_nuxt/static/1744733938/about/state.js]
[www.kingshaus.co/_nuxt/static/1744733938/about/payload.js]
[www.kingshaus.co/_nuxt/image/70e6e9.jpg]
[www.kingshaus.co/_nuxt/image/50105b.jpg]
[www.kingshaus.co/_nuxt/image/c4fdc8.jpg]
[www.kingshaus.co/_nuxt/image/a6737a.jpg]
[www.kingshaus.co/_nuxt/image/80f220.jpg]
[www.kingshaus.co/_nuxt/image/c2fc46.jpg]
[www.kingshaus.co/_nuxt/image/ea1d95.jpg]
[www.kingshaus.co/_nuxt/image/14e68e.jpg]
[www.kingshaus.co/_nuxt/image/0d4343.jpg]
[www.kingshaus.co/_nuxt/image/70d52b.jpg]
[www.kingshaus.co/_nuxt/image/24c913.jpg]
[www.kingshaus.co/_nuxt/image/27add2.jpg]
[www.kingshaus.co/_nuxt/image/344ee4.jpg]
[www.kingshaus.co/_nuxt/image/cb804b.jpg]
[www.kingshaus.co/_nuxt/image/ee75db.jpg]
[www.kingshaus.co/about/index.html]
[www.kingshaus.co/_nuxt/css/d5e201f.css]
[www.kingshaus.co/_nuxt/9dedfd7.js]
[www.kingshaus.co/_nuxt/css/eeb0e4f.css]
[www.kingshaus.co/_nuxt/8e13571.js]
[www.kingshaus.co/_nuxt/static/1744733938/contact/state.js]
[www.kingshaus.co/contact/index.html]
[www.kingshaus.co/_nuxt/static/1744733938/contact/payload.js]
[www.kingshaus.co/_nuxt/db519c2.js]
[www.kingshaus.co/_nuxt/static/1744733938/privacy-policy/state.js]
[www.kingshaus.co/_nuxt/static/1744733938/privacy-policy/payload.js]
[www.kingshaus.co/privacy-policy/index.html]
[www.kingshaus.co/images/icons/build-smarter-cursor-white.svg]
[www.kingshaus.co/images/icons/frame.svg]
[www.kingshaus.co/images/icons/insulation.svg]
[www.kingshaus.co/images/icons/ventilation.svg]
[www.kingshaus.co/_nuxt/css/233a785.css]
[www.kingshaus.co/_nuxt/css/23ed1d9.css]
[www.kingshaus.co/_nuxt/css/17c3937.css]
[www.kingshaus.co/_nuxt/css/e64d961.css]
[www.kingshaus.co/_nuxt/css/9973e9b.css]
[www.kingshaus.co/_nuxt/css/d5e201f.css]
[www.kingshaus.co/_nuxt/css/eeb0e4f.css]
[www.kingshaus.co/_nuxt/css/b2a53cb.css]
